RAM Allocation [bytes]
Variable                                                                          Address   Size
------------------------------------------------------------------------------------------------
digit                                                                             0x0265      16
keypadclicked                                                                     0x0275       2
iputpass                                                                          0x0277      15
temp                                                                              0x0286      15
passwordPromptShown                                                               0x0295       2
menu_state                                                                        0x0297       2
menu                                                                              0x0299       2
menunext                                                                          0x029B       2
menuselect                                                                        0x029D       2
menutogglereq                                                                     0x029F       2
ismenu                                                                            0x02A1       2
menutoggle                                                                        0x02A3       2
buzzer                                                                            0x02A5       2
led                                                                               0x02A7       2
_base_y                                                                           0x02A9       4
_lcd_x                                                                            0x02AD       1
_lcd_y                                                                            0x02AE       1
_lcd_maxx                                                                         0x02AF       1

EEPROM Allocation [bytes]
Variable                                                                          Address   Size
------------------------------------------------------------------------------------------------

Register Allocation
Variable                                                                          Register  Size
------------------------------------------------------------------------------------------------
timer                                                                             R4,R5        2
loginchecker                                                                      R6,R7        2
inputcounter                                                                      R8,R9        2
sscounter                                                                         R10,R11      2
iswrong                                                                           R12,R13      2

FLASH Allocation [words]
Function                                                                          Address   Size
------------------------------------------------------------------------------------------------
ext_int0_isr                                                                      0x000A6      5
ext_int1_isr                                                                      0x000AB      5
ext_int2_isr                                                                      0x000B0     16
timer0_ovf_isr                                                                    0x000C0     12
keypadinput                                                                       0x000CC    102
displayMainMenu                                                                   0x00132     45
main                                                                              0x0015F    504
put_buff_G100                                                                     0x00357     64
_print_G100                                                                       0x00397    308
sprintf                                                                           0x004CB     52
_lcd_write_nibble_G101                                                            0x004FF     20
_lcd_write_data                                                                   0x00513     12
lcd_gotoxy                                                                        0x0051F     17
lcd_clear                                                                         0x00530     14
lcd_putchar                                                                       0x0053E     32
lcd_puts                                                                          0x0055E     15
lcd_putsf                                                                         0x0056D     19
lcd_init                                                                          0x00580     47
memset                                                                            0x005AF     16
strcmp                                                                            0x005BF     20
strlen                                                                            0x005D3     12
strlenf                                                                           0x005DF     13
